[     236ms] [WARNING] A parser-blocking, cross site (i.e. different eTLD+1) script, https://cdn.cookielaw.org/scripttemplates/otSDKStub.js, is invoked via document.write. The network request for this script MAY be blocked by the browser in this or a future page load due to poor network connectivity. If blocked in this page load, it will be confirmed in a subsequent console message. See https://www.chromestatus.com/feature/5718547946799104 for more details. @ https://assets.adobedtm.com/launch-ENf88f61c4c69b40cda3622b8d0a78a9f5.min.js:1
[     236ms] [WARNING] A parser-blocking, cross site (i.e. different eTLD+1) script, https://cdn.cookielaw.org/scripttemplates/otSDKStub.js, is invoked via document.write. The network request for this script MAY be blocked by the browser in this or a future page load due to poor network connectivity. If blocked in this page load, it will be confirmed in a subsequent console message. See https://www.chromestatus.com/feature/5718547946799104 for more details. @ https://assets.adobedtm.com/launch-ENf88f61c4c69b40cda3622b8d0a78a9f5.min.js:1
[     259ms] [WARNING] Failed to decode downloaded font: https://www.callofduty.com/apps/atvi/callofduty/global/clientlibs/clientlib-site/resources/fonts/Hitmarker/HitmarkerText-Regular.woff2 @ https://www.callofduty.com/blog/warzone:40811
[     259ms] [WARNING] OTS parsing error: Size of decompressed WOFF 2.0 is less than compressed size @ https://www.callofduty.com/blog/warzone:40811
[     333ms] [WARNING] Failed to decode downloaded font: https://www.callofduty.com/apps/atvi/callofduty/global/clientlibs/clientlib-site/resources/fonts/Hitmarker/HitmarkerText-Regular.woff2 @ https://www.callofduty.com/apps/atvi/callofduty/global/components/structure/v2023/cod-single-header/clientlibs.01de6d0a1edef75f194ff13daf97ea2f.js:740
[     333ms] [WARNING] OTS parsing error: Size of decompressed WOFF 2.0 is less than compressed size @ https://www.callofduty.com/apps/atvi/callofduty/global/components/structure/v2023/cod-single-header/clientlibs.01de6d0a1edef75f194ff13daf97ea2f.js:740
[     362ms] Uncaught Error: Menubar constructor argument menubarNode has child elements are not A elements.
    at Menubar (https://www.callofduty.com/apps/atvi/callofduty/blog/components/structure/blog-header-v2023/clientlibs.f8d1c32eadfa897130444a4e8213c6cf.js:751:18)
    at <anonymous> (https://www.callofduty.com/blog/warzone:2316:42)
    at e (https://ajax.googleapis.com/ajax/libs/jquery/3.6.0/jquery.min.js:1:30037)
    at t (https://ajax.googleapis.com/ajax/libs/jquery/3.6.0/jquery.min.js:1:30339)
[     363ms] Uncaught [object Object]
    at error (https://www.googletagmanager.com/gtm.js?id=GTM-T6X8245:225:503)
    at c.l.onerror (https://www.googletagmanager.com/gtm.js?id=GTM-T6X8245:234:160)
[     364ms] [ERROR] Failed to load resource: the server responded with a status of 404 () @ https://cdn.cookielaw.org/scripttemplates/otSDKStub.js/consent/1acb2498-b14d-45ba-8604-3c4fcbcaea6a/1acb2498-b14d-45ba-8604-3c4fcbcaea6a.json:0
[     364ms] Uncaught TypeError: Cannot read properties of null (reading 'TenantFeatures')
    at l.apiCallback (https://cdn.cookielaw.org/consent/1acb2498-b14d-45ba-8604-3c4fcbcaea6a/otSDKStub.js:38:210)
    at b.<computed>.onload (https://cdn.cookielaw.org/consent/1acb2498-b14d-45ba-8604-3c4fcbcaea6a/otSDKStub.js:37:373)
[     546ms] [WARNING] Failed to decode downloaded font: https://www.callofduty.com/apps/atvi/callofduty/global/clientlibs/clientlib-site/resources/fonts/Hitmarker/HitmarkerText-Regular.woff2 @ https://cdn.cookielaw.org/scripttemplates/202512.1.0/otBannerSdk.js:6
[     546ms] [WARNING] OTS parsing error: Size of decompressed WOFF 2.0 is less than compressed size @ https://cdn.cookielaw.org/scripttemplates/202512.1.0/otBannerSdk.js:6
[     558ms] [WARNING] Failed to decode downloaded font: https://www.callofduty.com/apps/atvi/callofduty/global/clientlibs/clientlib-site/resources/fonts/Hitmarker/HitmarkerText-Regular.woff2 @ https://www.callofduty.com/blog/warzone:0
[     558ms] [WARNING] OTS parsing error: Size of decompressed WOFF 2.0 is less than compressed size @ https://www.callofduty.com/blog/warzone:0
