[     311ms] [WARNING] Failed to decode downloaded font: https://www.callofduty.com/apps/atvi/callofduty/global/clientlibs/clientlib-site/resources/fonts/Hitmarker/HitmarkerText-Regular.woff2 @ https://www.callofduty.com/uk/en/warzone:2336
[     311ms] [WARNING] OTS parsing error: Size of decompressed WOFF 2.0 is less than compressed size @ https://www.callofduty.com/uk/en/warzone:2336
[     555ms] [WARNING] Failed to decode downloaded font: https://www.callofduty.com/apps/atvi/callofduty/global/clientlibs/clientlib-site/resources/fonts/Hitmarker/HitmarkerText-Regular.woff2 @ https://cdn.cookielaw.org/scripttemplates/202512.1.0/otBannerSdk.js:6
[     555ms] [WARNING] OTS parsing error: Size of decompressed WOFF 2.0 is less than compressed size @ https://cdn.cookielaw.org/scripttemplates/202512.1.0/otBannerSdk.js:6
[     566ms] [WARNING] Failed to decode downloaded font: https://www.callofduty.com/apps/atvi/callofduty/global/clientlibs/clientlib-site/resources/fonts/Hitmarker/HitmarkerText-Regular.woff2 @ https://www.callofduty.com/uk/en/warzone:0
[     566ms] [WARNING] OTS parsing error: Size of decompressed WOFF 2.0 is less than compressed size @ https://www.callofduty.com/uk/en/warzone:0
[     622ms] [ERROR] Failed to load resource: the server responded with a status of 404 (Not Found) @ https://www.callofduty.com/wz2.bo7.s02-5.roadmap.mobile02:0
[     704ms] [ERROR] Failed to load resource: the server responded with a status of 404 (Not Found) @ https://www.callofduty.com/wz2.bo7.s02-5.roadmap.mobile07:0
[     730ms] [ERROR] Failed to load resource: the server responded with a status of 404 (Not Found) @ https://www.callofduty.com/wz2.bo7.s02-5.roadmap.mobile03:0
[     779ms] [ERROR] Failed to load resource: the server responded with a status of 404 (Not Found) @ https://www.callofduty.com/wz2.bo7.s02-5.roadmap.mobile01:0
[     779ms] [ERROR] Failed to load resource: the server responded with a status of 404 (Not Found) @ https://www.callofduty.com/wz2.bo7.s02-5.roadmap.mobile04:0
[     789ms] [WARNING] Failed to decode downloaded font: https://www.callofduty.com/apps/atvi/callofduty/global/clientlibs/clientlib-site/resources/fonts/Hitmarker/HitmarkerText-Regular.woff2 @ https://www.callofduty.com/apps/atvi/callofduty/global/components/structure/v2023/cod-single-header/clientlibs.01de6d0a1edef75f194ff13daf97ea2f.js:740
[     789ms] [WARNING] OTS parsing error: Size of decompressed WOFF 2.0 is less than compressed size @ https://www.callofduty.com/apps/atvi/callofduty/global/components/structure/v2023/cod-single-header/clientlibs.01de6d0a1edef75f194ff13daf97ea2f.js:740
[     796ms] [WARNING] Failed to decode downloaded font: https://www.callofduty.com/apps/atvi/callofduty/global/clientlibs/clientlib-site/resources/fonts/Hitmarker/HitmarkerText-Regular.woff2 @ https://www.callofduty.com/apps/atvi/global/clientlibs/plugins/splide-clientlibs.1b79b33cdde48134f98ae1f0b2c8c50b.js:5
[     796ms] [WARNING] OTS parsing error: Size of decompressed WOFF 2.0 is less than compressed size @ https://www.callofduty.com/apps/atvi/global/clientlibs/plugins/splide-clientlibs.1b79b33cdde48134f98ae1f0b2c8c50b.js:5
[     857ms] [ERROR] Failed to load resource: the server responded with a status of 404 (Not Found) @ https://www.callofduty.com/wz2.bo7.s02-5.roadmap.mobile05:0
[     867ms] [WARNING] Failed to execute 'postMessage' on 'DOMWindow': The target origin provided ('https://www.youtube-nocookie.com') does not match the recipient window's origin ('https://www.callofduty.com'). @ https://www.youtube.com/s/player/74edf1a3/www-widgetapi.vflset/www-widgetapi.js:209
[     867ms] [WARNING] Failed to execute 'postMessage' on 'DOMWindow': The target origin provided ('https://www.youtube.com') does not match the recipient window's origin ('https://www.callofduty.com'). @ https://www.youtube.com/s/player/74edf1a3/www-widgetapi.vflset/www-widgetapi.js:209
[     867ms] [WARNING] Failed to execute 'postMessage' on 'DOMWindow': The target origin provided ('https://www.youtube.com') does not match the recipient window's origin ('https://www.callofduty.com'). @ https://www.youtube.com/s/player/74edf1a3/www-widgetapi.vflset/www-widgetapi.js:209
[    1011ms] [ERROR] Failed to load resource: the server responded with a status of 404 (Not Found) @ https://www.callofduty.com/wz2.bo7.s02-5.roadmap.mobile09:0
[    1012ms] [ERROR] Failed to load resource: the server responded with a status of 404 (Not Found) @ https://www.callofduty.com/wz2.bo7.s02-5.roadmap.mobile06:0
[    1012ms] [ERROR] Failed to load resource: the server responded with a status of 404 (Not Found) @ https://www.callofduty.com/wz2.bo7.s02-5.roadmap.mobile08:0
[    1093ms] [WARNING] Failed to execute 'postMessage' on 'DOMWindow': The target origin provided ('https://www.youtube.com') does not match the recipient window's origin ('https://www.callofduty.com'). @ https://www.youtube.com/s/player/74edf1a3/www-widgetapi.vflset/www-widgetapi.js:209
[    7015ms] [WARNING] The resource https://www.callofduty.com/content/dam/atvi/callofduty/cod-touchui/warzone2/blackops6/season-4/WZ_S4_Hero-BG_Mobile-SM.webp was preloaded using link preload but not used within a few seconds from the window's load event. Please make sure it has an appropriate `as` value and it is preloaded intentionally. @ https://www.callofduty.com/uk/en/warzone:0
